<?xml version="1.0" encoding="UTF-8"?>
<TestRun id="292edb35-97c8-48a9-9a6d-9047b58a2462" name="Tiger(AMIT)@TIGERAMIT-VAIO 2019-05-04 15:06:12" runUser="TigerAMIT-VAIO\Tiger(AMIT)" xmlns="http://microsoft.com/schemas/VisualStudio/TeamTest/2010">
  <TestSettings name="Local" id="99f99305-4388-456f-a5bf-ef316d8aa9e6">
    <Description>These are default test settings for a local test run.</Description>
    <Deployment enabled="false" runDeploymentRoot="Tiger_AMIT__TIGERAMIT-VAIO 2019-05-04 15_06_12">
      <DeploymentItem filename="D:\ShopSmartTool\bin\ShopSmartTool.DAL.dll" />
    </Deployment>
    <Execution>
      <TestTypeSpecific />
      <AgentRule name="Execution Agents">
      </AgentRule>
    </Execution>
  </TestSettings>
  <Times creation="2019-05-04T15:06:12.5617892+05:30" queuing="2019-05-04T15:06:16.1969971+05:30" start="2019-05-04T15:06:16.6790247+05:30" finish="2019-05-04T15:06:18.2371138+05:30" />
  <ResultSummary outcome="Completed">
    <Counters total="1" executed="1" passed="1" error="0" failed="0" timeout="0" aborted="0" inconclusive="0" passedButRunAborted="0" notRunnable="0" notExecuted="0" disconnected="0" warning="0" completed="0" inProgress="0" pending="0" />
  </ResultSummary>
  <TestDefinitions>
    <UnitTest name="TestMethodForThreeSimilarProducts" storage="d:\shopsmarttool\bin\shopsmarttool.unittests.dll" id="c91fd748-ac04-5af5-a22a-23b3c0fab0a2">
      <Execution id="23a839c6-0f49-473f-94fc-fb4bb484807d" />
      <TestMethod codeBase="D:/ShopSmartTool/bin/ShopSmartTool.UnitTests.DLL" adapterTypeName="Microsoft.VisualStudio.TestTools.TestTypes.Unit.UnitTestAdapter, Microsoft.VisualStudio.QualityTools.Tips.UnitTest.Adapter, Version=10.0.0.0, Culture=neutral, PublicKeyToken=b03f5f7f11d50a3a" className="ShopSmartTool.UnitTests.ShopSmartToolUnitTests, ShopSmartTool.UnitTests, Version=1.0.0.0, Culture=neutral, PublicKeyToken=null" name="TestMethodForThreeSimilarProducts" />
    </UnitTest>
  </TestDefinitions>
  <TestLists>
    <TestList name="Results Not in a List" id="8c84fa94-04c1-424b-9868-57a2d4851a1d" />
    <TestList name="All Loaded Results" id="19431567-8539-422a-85d7-44ee4e166bda" />
  </TestLists>
  <TestEntries>
    <TestEntry testId="c91fd748-ac04-5af5-a22a-23b3c0fab0a2" executionId="23a839c6-0f49-473f-94fc-fb4bb484807d" testListId="8c84fa94-04c1-424b-9868-57a2d4851a1d" />
  </TestEntries>
  <Results>
    <UnitTestResult executionId="23a839c6-0f49-473f-94fc-fb4bb484807d" testId="c91fd748-ac04-5af5-a22a-23b3c0fab0a2" testName="TestMethodForThreeSimilarProducts" computerName="TIGERAMIT-VAIO" duration="00:00:00.0617406" startTime="2019-05-04T15:06:16.8080321+05:30" endTime="2019-05-04T15:06:17.8770932+05:30" testType="13cdc9d9-ddb5-4fa4-a97d-d965ccfc6d4b" outcome="Passed" testListId="8c84fa94-04c1-424b-9868-57a2d4851a1d" relativeResultsDirectory="23a839c6-0f49-473f-94fc-fb4bb484807d">
    </UnitTestResult>
  </Results>
</TestRun>