<?xml version="1.0" encoding="UTF-8"?>
<TestRun id="b2ba46e3-e0d0-4e4b-82c0-8b4b1fb68338" name="Tiger(AMIT)@TIGERAMIT-VAIO 2019-05-04 15:07:18" runUser="TigerAMIT-VAIO\Tiger(AMIT)" xmlns="http://microsoft.com/schemas/VisualStudio/TeamTest/2010">
  <TestSettings name="Local" id="99f99305-4388-456f-a5bf-ef316d8aa9e6">
    <Description>These are default test settings for a local test run.</Description>
    <Deployment enabled="false" runDeploymentRoot="Tiger_AMIT__TIGERAMIT-VAIO 2019-05-04 15_07_18">
      <DeploymentItem filename="D:\ShopSmartTool\bin\ShopSmartTool.DAL.dll" />
    </Deployment>
    <Execution>
      <TestTypeSpecific />
      <AgentRule name="Execution Agents">
      </AgentRule>
    </Execution>
  </TestSettings>
  <Times creation="2019-05-04T15:07:18.5215619+05:30" queuing="2019-05-04T15:07:23.3378374+05:30" start="2019-05-04T15:07:23.3578385+05:30" finish="2019-05-04T15:07:24.1038812+05:30" />
  <ResultSummary outcome="Completed">
    <Counters total="7" executed="7" passed="7" error="0" failed="0" timeout="0" aborted="0" inconclusive="0" passedButRunAborted="0" notRunnable="0" notExecuted="0" disconnected="0" warning="0" completed="0" inProgress="0" pending="0" />
  </ResultSummary>
  <TestDefinitions>
    <UnitTest name="TestMethodForSingleProduct" storage="d:\shopsmarttool\bin\shopsmarttool.unittests.dll" id="61137f14-f889-244f-f388-625c08501b20">
      <Execution id="eeda4357-0225-4fa5-a37e-d5f656a5f909" />
      <TestMethod codeBase="D:/ShopSmartTool/bin/ShopSmartTool.UnitTests.DLL" adapterTypeName="Microsoft.VisualStudio.TestTools.TestTypes.Unit.UnitTestAdapter, Microsoft.VisualStudio.QualityTools.Tips.UnitTest.Adapter, Version=10.0.0.0, Culture=neutral, PublicKeyToken=b03f5f7f11d50a3a" className="ShopSmartTool.UnitTests.ShopSmartToolUnitTests, ShopSmartTool.UnitTests, Version=1.0.0.0, Culture=neutral, PublicKeyToken=null" name="TestMethodForSingleProduct" />
    </UnitTest>
    <UnitTest name="TestMethodForTwoProducts" storage="d:\shopsmarttool\bin\shopsmarttool.unittests.dll" id="e1b89b48-5764-1ee5-fe38-6781b1ce4c33">
      <Execution id="5247b2fc-b2ad-491f-8c37-80fc48c79949" />
      <TestMethod codeBase="D:/ShopSmartTool/bin/ShopSmartTool.UnitTests.DLL" adapterTypeName="Microsoft.VisualStudio.TestTools.TestTypes.Unit.UnitTestAdapter, Microsoft.VisualStudio.QualityTools.Tips.UnitTest.Adapter, Version=10.0.0.0, Culture=neutral, PublicKeyToken=b03f5f7f11d50a3a" className="ShopSmartTool.UnitTests.ShopSmartToolUnitTests, ShopSmartTool.UnitTests, Version=1.0.0.0, Culture=neutral, PublicKeyToken=null" name="TestMethodForTwoProducts" />
    </UnitTest>
    <UnitTest name="TestMethodForNoProduct" storage="d:\shopsmarttool\bin\shopsmarttool.unittests.dll" id="945f6854-c324-726e-c132-6ccf20dfbed8">
      <Execution id="65a1cd7b-e9d0-4a4c-9af9-163728a784f3" />
      <TestMethod codeBase="D:/ShopSmartTool/bin/ShopSmartTool.UnitTests.DLL" adapterTypeName="Microsoft.VisualStudio.TestTools.TestTypes.Unit.UnitTestAdapter, Microsoft.VisualStudio.QualityTools.Tips.UnitTest.Adapter, Version=10.0.0.0, Culture=neutral, PublicKeyToken=b03f5f7f11d50a3a" className="ShopSmartTool.UnitTests.ShopSmartToolUnitTests, ShopSmartTool.UnitTests, Version=1.0.0.0, Culture=neutral, PublicKeyToken=null" name="TestMethodForNoProduct" />
    </UnitTest>
    <UnitTest name="TestMethodForFiveProducts" storage="d:\shopsmarttool\bin\shopsmarttool.unittests.dll" id="14011fa2-c61f-c39a-d814-754deba34fa8">
      <Execution id="35187289-1d4f-4426-80e7-950939a2d079" />
      <TestMethod codeBase="D:/ShopSmartTool/bin/ShopSmartTool.UnitTests.DLL" adapterTypeName="Microsoft.VisualStudio.TestTools.TestTypes.Unit.UnitTestAdapter, Microsoft.VisualStudio.QualityTools.Tips.UnitTest.Adapter, Version=10.0.0.0, Culture=neutral, PublicKeyToken=b03f5f7f11d50a3a" className="ShopSmartTool.UnitTests.ShopSmartToolUnitTests, ShopSmartTool.UnitTests, Version=1.0.0.0, Culture=neutral, PublicKeyToken=null" name="TestMethodForFiveProducts" />
    </UnitTest>
    <UnitTest name="TestMethodForThreeSimilarProducts" storage="d:\shopsmarttool\bin\shopsmarttool.unittests.dll" id="c91fd748-ac04-5af5-a22a-23b3c0fab0a2">
      <Execution id="a98132c2-2f50-4f14-8791-a16d1beefbe4" />
      <TestMethod codeBase="D:/ShopSmartTool/bin/ShopSmartTool.UnitTests.DLL" adapterTypeName="Microsoft.VisualStudio.TestTools.TestTypes.Unit.UnitTestAdapter, Microsoft.VisualStudio.QualityTools.Tips.UnitTest.Adapter, Version=10.0.0.0, Culture=neutral, PublicKeyToken=b03f5f7f11d50a3a" className="ShopSmartTool.UnitTests.ShopSmartToolUnitTests, ShopSmartTool.UnitTests, Version=1.0.0.0, Culture=neutral, PublicKeyToken=null" name="TestMethodForThreeSimilarProducts" />
    </UnitTest>
    <UnitTest name="TestMethodForTwoSimilarProducts" storage="d:\shopsmarttool\bin\shopsmarttool.unittests.dll" id="8cc219ff-3ed5-b11a-94d0-a10f2c217991">
      <Execution id="f1c07678-065e-463a-8b25-bdac4a22815a" />
      <TestMethod codeBase="D:/ShopSmartTool/bin/ShopSmartTool.UnitTests.DLL" adapterTypeName="Microsoft.VisualStudio.TestTools.TestTypes.Unit.UnitTestAdapter, Microsoft.VisualStudio.QualityTools.Tips.UnitTest.Adapter, Version=10.0.0.0, Culture=neutral, PublicKeyToken=b03f5f7f11d50a3a" className="ShopSmartTool.UnitTests.ShopSmartToolUnitTests, ShopSmartTool.UnitTests, Version=1.0.0.0, Culture=neutral, PublicKeyToken=null" name="TestMethodForTwoSimilarProducts" />
    </UnitTest>
    <UnitTest name="TestMethodForFourProducts" storage="d:\shopsmarttool\bin\shopsmarttool.unittests.dll" id="0f7cf321-c529-ab01-8d81-6d2594ee48f6">
      <Execution id="158bcdbe-3f7a-4e45-b9dc-105bfe3bbeb8" />
      <TestMethod codeBase="D:/ShopSmartTool/bin/ShopSmartTool.UnitTests.DLL" adapterTypeName="Microsoft.VisualStudio.TestTools.TestTypes.Unit.UnitTestAdapter, Microsoft.VisualStudio.QualityTools.Tips.UnitTest.Adapter, Version=10.0.0.0, Culture=neutral, PublicKeyToken=b03f5f7f11d50a3a" className="ShopSmartTool.UnitTests.ShopSmartToolUnitTests, ShopSmartTool.UnitTests, Version=1.0.0.0, Culture=neutral, PublicKeyToken=null" name="TestMethodForFourProducts" />
    </UnitTest>
  </TestDefinitions>
  <TestLists>
    <TestList name="Results Not in a List" id="8c84fa94-04c1-424b-9868-57a2d4851a1d" />
    <TestList name="All Loaded Results" id="19431567-8539-422a-85d7-44ee4e166bda" />
  </TestLists>
  <TestEntries>
    <TestEntry testId="945f6854-c324-726e-c132-6ccf20dfbed8" executionId="65a1cd7b-e9d0-4a4c-9af9-163728a784f3" testListId="8c84fa94-04c1-424b-9868-57a2d4851a1d" />
    <TestEntry testId="61137f14-f889-244f-f388-625c08501b20" executionId="eeda4357-0225-4fa5-a37e-d5f656a5f909" testListId="8c84fa94-04c1-424b-9868-57a2d4851a1d" />
    <TestEntry testId="e1b89b48-5764-1ee5-fe38-6781b1ce4c33" executionId="5247b2fc-b2ad-491f-8c37-80fc48c79949" testListId="8c84fa94-04c1-424b-9868-57a2d4851a1d" />
    <TestEntry testId="0f7cf321-c529-ab01-8d81-6d2594ee48f6" executionId="158bcdbe-3f7a-4e45-b9dc-105bfe3bbeb8" testListId="8c84fa94-04c1-424b-9868-57a2d4851a1d" />
    <TestEntry testId="8cc219ff-3ed5-b11a-94d0-a10f2c217991" executionId="f1c07678-065e-463a-8b25-bdac4a22815a" testListId="8c84fa94-04c1-424b-9868-57a2d4851a1d" />
    <TestEntry testId="c91fd748-ac04-5af5-a22a-23b3c0fab0a2" executionId="a98132c2-2f50-4f14-8791-a16d1beefbe4" testListId="8c84fa94-04c1-424b-9868-57a2d4851a1d" />
    <TestEntry testId="14011fa2-c61f-c39a-d814-754deba34fa8" executionId="35187289-1d4f-4426-80e7-950939a2d079" testListId="8c84fa94-04c1-424b-9868-57a2d4851a1d" />
  </TestEntries>
  <Results>
    <UnitTestResult executionId="65a1cd7b-e9d0-4a4c-9af9-163728a784f3" testId="945f6854-c324-726e-c132-6ccf20dfbed8" testName="TestMethodForNoProduct" computerName="TIGERAMIT-VAIO" duration="00:00:00.0436077" startTime="2019-05-04T15:07:23.4228422+05:30" endTime="2019-05-04T15:07:24.0058756+05:30" testType="13cdc9d9-ddb5-4fa4-a97d-d965ccfc6d4b" outcome="Passed" testListId="8c84fa94-04c1-424b-9868-57a2d4851a1d" relativeResultsDirectory="65a1cd7b-e9d0-4a4c-9af9-163728a784f3">
    </UnitTestResult>
    <UnitTestResult executionId="eeda4357-0225-4fa5-a37e-d5f656a5f909" testId="61137f14-f889-244f-f388-625c08501b20" testName="TestMethodForSingleProduct" computerName="TIGERAMIT-VAIO" duration="00:00:00.0008541" startTime="2019-05-04T15:07:24.0088757+05:30" endTime="2019-05-04T15:07:24.0188763+05:30" testType="13cdc9d9-ddb5-4fa4-a97d-d965ccfc6d4b" outcome="Passed" testListId="8c84fa94-04c1-424b-9868-57a2d4851a1d" relativeResultsDirectory="eeda4357-0225-4fa5-a37e-d5f656a5f909">
    </UnitTestResult>
    <UnitTestResult executionId="5247b2fc-b2ad-491f-8c37-80fc48c79949" testId="e1b89b48-5764-1ee5-fe38-6781b1ce4c33" testName="TestMethodForTwoProducts" computerName="TIGERAMIT-VAIO" duration="00:00:00.0004067" startTime="2019-05-04T15:07:24.0198764+05:30" endTime="2019-05-04T15:07:24.0308770+05:30" testType="13cdc9d9-ddb5-4fa4-a97d-d965ccfc6d4b" outcome="Passed" testListId="8c84fa94-04c1-424b-9868-57a2d4851a1d" relativeResultsDirectory="5247b2fc-b2ad-491f-8c37-80fc48c79949">
    </UnitTestResult>
    <UnitTestResult executionId="158bcdbe-3f7a-4e45-b9dc-105bfe3bbeb8" testId="0f7cf321-c529-ab01-8d81-6d2594ee48f6" testName="TestMethodForFourProducts" computerName="TIGERAMIT-VAIO" duration="00:00:00.0003815" startTime="2019-05-04T15:07:24.0328771+05:30" endTime="2019-05-04T15:07:24.0418776+05:30" testType="13cdc9d9-ddb5-4fa4-a97d-d965ccfc6d4b" outcome="Passed" testListId="8c84fa94-04c1-424b-9868-57a2d4851a1d" relativeResultsDirectory="158bcdbe-3f7a-4e45-b9dc-105bfe3bbeb8">
    </UnitTestResult>
    <UnitTestResult executionId="f1c07678-065e-463a-8b25-bdac4a22815a" testId="8cc219ff-3ed5-b11a-94d0-a10f2c217991" testName="TestMethodForTwoSimilarProducts" computerName="TIGERAMIT-VAIO" duration="00:00:00.0003751" startTime="2019-05-04T15:07:24.0428777+05:30" endTime="2019-05-04T15:07:24.0538783+05:30" testType="13cdc9d9-ddb5-4fa4-a97d-d965ccfc6d4b" outcome="Passed" testListId="8c84fa94-04c1-424b-9868-57a2d4851a1d" relativeResultsDirectory="f1c07678-065e-463a-8b25-bdac4a22815a">
    </UnitTestResult>
    <UnitTestResult executionId="a98132c2-2f50-4f14-8791-a16d1beefbe4" testId="c91fd748-ac04-5af5-a22a-23b3c0fab0a2" testName="TestMethodForThreeSimilarProducts" computerName="TIGERAMIT-VAIO" duration="00:00:00.0003969" startTime="2019-05-04T15:07:24.0548784+05:30" endTime="2019-05-04T15:07:24.0638789+05:30" testType="13cdc9d9-ddb5-4fa4-a97d-d965ccfc6d4b" outcome="Passed" testListId="8c84fa94-04c1-424b-9868-57a2d4851a1d" relativeResultsDirectory="a98132c2-2f50-4f14-8791-a16d1beefbe4">
    </UnitTestResult>
    <UnitTestResult executionId="35187289-1d4f-4426-80e7-950939a2d079" testId="14011fa2-c61f-c39a-d814-754deba34fa8" testName="TestMethodForFiveProducts" computerName="TIGERAMIT-VAIO" duration="00:00:00.0003819" startTime="2019-05-04T15:07:24.0658790+05:30" endTime="2019-05-04T15:07:24.0768796+05:30" testType="13cdc9d9-ddb5-4fa4-a97d-d965ccfc6d4b" outcome="Passed" testListId="8c84fa94-04c1-424b-9868-57a2d4851a1d" relativeResultsDirectory="35187289-1d4f-4426-80e7-950939a2d079">
    </UnitTestResult>
  </Results>
</TestRun>